[dreamschat.dreamguystech.com/template2/index.html]
[backblue.gif]
[fade.gif]
[index.html]
[dreamschat.dreamguystech.com/template2/assets/img/favicon.png]
[dreamschat.dreamguystech.com/template2/assets/css/bootstrap.min.css]
[dreamschat.dreamguystech.com/template2/assets/plugins/fontawesome/css/fontawesome.min.css]
[dreamschat.dreamguystech.com/template2/assets/plugins/fontawesome/css/all.min.css]
[dreamschat.dreamguystech.com/template2/assets/plugins/swiper/swiper.min.css]
[dreamschat.dreamguystech.com/template2/assets/plugins/fancybox/jquery.fancybox.min.css]
[dreamschat.dreamguystech.com/template2/assets/css/app.css]
[dreamschat.dreamguystech.com/template2/assets/img/logo.png]
[dreamschat.dreamguystech.com/template2/group.html]
[dreamschat.dreamguystech.com/template2/status.html]
[dreamschat.dreamguystech.com/template2/audio-call.html]
[dreamschat.dreamguystech.com/template2/settings.html]
[dreamschat.dreamguystech.com/template2/assets/img/avatar/avatar-13.jpg]
[dreamschat.dreamguystech.com/template2/archived.html]
[dreamschat.dreamguystech.com/template2/login-email.html]
[dreamschat.dreamguystech.com/template2/assets/img/avatar/avatar-8.jpg]
[dreamschat.dreamguystech.com/template2/assets/img/avatar/avatar-7.jpg]
[dreamschat.dreamguystech.com/template2/assets/img/avatar/avatar-3.jpg]
[dreamschat.dreamguystech.com/template2/assets/img/avatar/avatar-4.jpg]
[dreamschat.dreamguystech.com/template2/assets/img/avatar/avatar-2.jpg]
[dreamschat.dreamguystech.com/template2/assets/img/avatar/avatar-9.jpg]
[dreamschat.dreamguystech.com/template2/assets/img/avatar/avatar-10.jpg]
[dreamschat.dreamguystech.com/template2/assets/img/avatar/avatar-11.jpg]
[dreamschat.dreamguystech.com/template2/assets/img/avatar/avatar-12.jpg]
[dreamschat.dreamguystech.com/template2/assets/img/chat-download.jpg]
[dreamschat.dreamguystech.com/template2/assets/img/avatar/avatar-1.jpg]
[dreamschat.dreamguystech.com/cdn-cgi/scripts/5c5dd728/cloudflare-static/email-decode.min.js]
[dreamschat.dreamguystech.com/template2/assets/js/jquery-3.6.0.min.js]
[dreamschat.dreamguystech.com/template2/assets/js/bootstrap.bundle.min.js]
[dreamschat.dreamguystech.com/template2/assets/plugins/slimscroll/jquery.slimscroll.min.js]
[dreamschat.dreamguystech.com/template2/assets/plugins/swiper/swiper.min.js]
[dreamschat.dreamguystech.com/template2/assets/plugins/fancybox/jquery.fancybox.min.js]
[dreamschat.dreamguystech.com/template2/index.html]
[dreamschat.dreamguystech.com/template2/assets/css/bootstrap.min.css]
[dreamschat.dreamguystech.com/template2/assets/plugins/fontawesome/css/fontawesome.min.css]
[dreamschat.dreamguystech.com/template2/assets/js/script.js]
[dreamschat.dreamguystech.com/template2/assets/plugins/fontawesome/webfonts/fa-brands-400.eot]
[dreamschat.dreamguystech.com/template2/assets/plugins/fontawesome/webfonts/fa-brands-400d41d.eot]
[dreamschat.dreamguystech.com/template2/assets/plugins/fontawesome/webfonts/fa-brands-400.woff]
[dreamschat.dreamguystech.com/template2/assets/plugins/fontawesome/webfonts/fa-brands-400.ttf]
[dreamschat.dreamguystech.com/template2/assets/plugins/fontawesome/webfonts/fa-brands-400.svg]
[dreamschat.dreamguystech.com/template2/assets/plugins/fontawesome/webfonts/fa-regular-400.eot]
[dreamschat.dreamguystech.com/template2/assets/plugins/fontawesome/webfonts/fa-regular-400d41d.eot]
[dreamschat.dreamguystech.com/template2/assets/plugins/fontawesome/webfonts/fa-regular-400.woff]
[dreamschat.dreamguystech.com/template2/assets/plugins/fontawesome/webfonts/fa-regular-400.ttf]
[dreamschat.dreamguystech.com/template2/assets/plugins/fontawesome/webfonts/fa-regular-400.svg]
[dreamschat.dreamguystech.com/template2/assets/plugins/fontawesome/webfonts/fa-solid-900.eot]
[dreamschat.dreamguystech.com/template2/assets/plugins/fontawesome/webfonts/fa-solid-900d41d.eot]
[dreamschat.dreamguystech.com/template2/assets/plugins/fontawesome/webfonts/fa-solid-900.woff]
[dreamschat.dreamguystech.com/template2/assets/plugins/fontawesome/webfonts/fa-solid-900.ttf]
[dreamschat.dreamguystech.com/template2/assets/plugins/fontawesome/css/all.min.css]
[dreamschat.dreamguystech.com/template2/assets/plugins/swiper/swiper.min.css]
[dreamschat.dreamguystech.com/template2/assets/plugins/fancybox/jquery.fancybox.min.css]
[dreamschat.dreamguystech.com/template2/assets/plugins/fontawesome/webfonts/fa-solid-900.svg]
[dreamschat.dreamguystech.com/template2/assets/fonts/MaterialIcons-Regular.eot]
[dreamschat.dreamguystech.com/template2/assets/fonts/MaterialIcons-Regular.woff]
[dreamschat.dreamguystech.com/template2/assets/img/chat-bg.png]
[dreamschat.dreamguystech.com/template2/assets/fonts/MaterialIcons-Regular.ttf]
[dreamschat.dreamguystech.com/template2/assets/img/top-curve-bg.png]
[dreamschat.dreamguystech.com/template2/assets/img/vidio-call-bg.jpg]
[dreamschat.dreamguystech.com/template2/assets/img/login-email.png]
[dreamschat.dreamguystech.com/template2/assets/img/signup-email.png]
[dreamschat.dreamguystech.com/template2/assets/img/otp-bg.png]
[dreamschat.dreamguystech.com/template2/assets/css/app.css]
[dreamschat.dreamguystech.com/template2/assets/img/group-4.jpg]
[dreamschat.dreamguystech.com/template2/assets/img/group-3.jpg]
[dreamschat.dreamguystech.com/template2/assets/img/group-1.jpg]
[dreamschat.dreamguystech.com/template2/assets/img/group-5.jpg]
[dreamschat.dreamguystech.com/template2/assets/img/avatar/avatar-6.jpg]
[dreamschat.dreamguystech.com/template2/assets/img/group-2.jpg]
[dreamschat.dreamguystech.com/template2/group.html]
[dreamschat.dreamguystech.com/template2/assets/img/status-icon.png]
[dreamschat.dreamguystech.com/template2/assets/img/status1.jpg]
[dreamschat.dreamguystech.com/template2/status.html]
[dreamschat.dreamguystech.com/template2/videocall-group.html]
[dreamschat.dreamguystech.com/template2/audio-call.html]
[dreamschat.dreamguystech.com/template2/settings.html]
[dreamschat.dreamguystech.com/template2/archived.html]
[dreamschat.dreamguystech.com/template2/audiocall-single.html]
[dreamschat.dreamguystech.com/template2/assets/plugins/mcustomscroll/jquery.mCustomScrollbar.css]
[dreamschat.dreamguystech.com/template2/assets/img/logo-full.png]
[dreamschat.dreamguystech.com/template2/signup-email.html]
[dreamschat.dreamguystech.com/template2/forgotpassword-email.html]
[dreamschat.dreamguystech.com/template2/assets/js/jquery.nicescroll.min.js]
[dreamschat.dreamguystech.com/template2/login-email.html]
[dreamschat.dreamguystech.com/template2/assets/plugins/fontawesome/webfonts/fa-brands-400.html]
[dreamschat.dreamguystech.com/template2/assets/plugins/fontawesome/webfonts/fa-brands-400.svg]
[dreamschat.dreamguystech.com/template2/assets/plugins/fontawesome/webfonts/fa-regular-400.html]
[dreamschat.dreamguystech.com/template2/assets/plugins/fontawesome/webfonts/fa-regular-400.svg]
[dreamschat.dreamguystech.com/template2/assets/plugins/fontawesome/webfonts/fa-solid-900.html]
[dreamschat.dreamguystech.com/template2/assets/plugins/mcustomscroll/jquery.mCustomScrollbar.js]
[dreamschat.dreamguystech.com/template2/assets/plugins/fontawesome/webfonts/fa-solid-900.svg]
[dreamschat.dreamguystech.com/template2/assets/fonts/MaterialIcons-Regular.html]
[dreamschat.dreamguystech.com/template2/assets/img/top-curve-bg.html]
[dreamschat.dreamguystech.com/template2/videocall-group.html]
[dreamschat.dreamguystech.com/template2/audiocall-single.html]
[dreamschat.dreamguystech.com/template2/assets/js/jquery-ui.min.js]
[dreamschat.dreamguystech.com/template2/assets/plugins/mcustomscroll/mCSB_buttons.png]
[dreamschat.dreamguystech.com/template2/assets/plugins/mcustomscroll/jquery.mCustomScrollbar.css]
[dreamschat.dreamguystech.com/template2/signup-email.html]
[dreamschat.dreamguystech.com/template2/forgotpassword-email.html]
[dreamschat.dreamguystech.com/template2/assets/plugins/mcustomscroll/mCSB_buttons.html]
